Hello, Python!.
Hello, sptcol!.
